ERROR(4): Expecting type int in parameter 1 of call 'output' defined on line -1.
ERROR(5): Expecting type bool in parameter 1 of call 'outputb' defined on line -1.
Number of warnings: 0
Number of errors: 2
