ERROR lineno(29): Symbol output is not defined.
Number of errors: 1
Number of warnings: 0
