ERROR lineno(3): Symbol i is not defined.
ERROR lineno(3): Symbol i is not defined.
ERROR lineno(4): Symbol i is not defined.
ERROR lineno(4): Symbol b is not defined.
ERROR lineno(5): Symbol b is not defined.
ERROR lineno(5): Symbol i is not defined.
ERROR lineno(6): Symbol b is not defined.
ERROR lineno(6): Symbol b is not defined.
ERROR lineno(8): Symbol i is not defined.
ERROR lineno(8): Symbol i is not defined.
ERROR lineno(9): Symbol i is not defined.
ERROR lineno(9): Symbol b is not defined.
ERROR lineno(10): Symbol b is not defined.
ERROR lineno(10): Symbol i is not defined.
ERROR lineno(11): Symbol b is not defined.
ERROR lineno(11): Symbol b is not defined.
ERROR lineno(13): Symbol i is not defined.
ERROR lineno(13): Symbol i is not defined.
ERROR lineno(14): Symbol i is not defined.
ERROR lineno(14): Symbol b is not defined.
ERROR lineno(15): Symbol b is not defined.
ERROR lineno(15): Symbol i is not defined.
ERROR lineno(16): Symbol b is not defined.
ERROR lineno(16): Symbol b is not defined.
ERROR lineno(18): Symbol i is not defined.
ERROR lineno(18): Symbol i is not defined.
ERROR lineno(19): Symbol i is not defined.
ERROR lineno(19): Symbol b is not defined.
ERROR lineno(20): Symbol b is not defined.
ERROR lineno(20): Symbol i is not defined.
ERROR lineno(21): Symbol b is not defined.
ERROR lineno(21): Symbol b is not defined.
ERROR lineno(23): Symbol i is not defined.
ERROR lineno(23): Symbol i is not defined.
ERROR lineno(24): Symbol i is not defined.
ERROR lineno(24): Symbol b is not defined.
ERROR lineno(25): Symbol b is not defined.
ERROR lineno(25): Symbol i is not defined.
ERROR lineno(26): Symbol b is not defined.
ERROR lineno(26): Symbol b is not defined.
ERROR lineno(28): Symbol b is not defined.
ERROR lineno(28): Symbol i is not defined.
ERROR lineno(28): Symbol i is not defined.
ERROR lineno(29): Symbol i is not defined.
ERROR lineno(29): Symbol b is not defined.
ERROR lineno(29): Symbol i is not defined.
ERROR lineno(30): Symbol i is not defined.
ERROR lineno(30): Symbol i is not defined.
ERROR lineno(30): Symbol b is not defined.
ERROR lineno(32): Symbol i is not defined.
ERROR lineno(32): Symbol b is not defined.
ERROR lineno(32): Symbol b is not defined.
ERROR lineno(33): Symbol b is not defined.
ERROR lineno(33): Symbol i is not defined.
ERROR lineno(33): Symbol b is not defined.
ERROR lineno(34): Symbol b is not defined.
ERROR lineno(34): Symbol b is not defined.
ERROR lineno(34): Symbol i is not defined.
ERROR lineno(36): Symbol b is not defined.
ERROR lineno(37): Symbol i is not defined.
ERROR lineno(39): Symbol b is not defined.
ERROR lineno(40): Symbol i is not defined.
ERROR lineno(42): Symbol i is not defined.
ERROR lineno(42): Symbol i is not defined.
ERROR lineno(42): Symbol i is not defined.
ERROR lineno(42): Symbol i is not defined.
ERROR lineno(43): Symbol b is not defined.
ERROR lineno(43): Symbol i is not defined.
ERROR lineno(43): Symbol i is not defined.
ERROR lineno(43): Symbol i is not defined.
ERROR lineno(44): Symbol i is not defined.
ERROR lineno(44): Symbol b is not defined.
ERROR lineno(44): Symbol i is not defined.
ERROR lineno(44): Symbol i is not defined.
ERROR lineno(45): Symbol i is not defined.
ERROR lineno(45): Symbol i is not defined.
ERROR lineno(45): Symbol b is not defined.
ERROR lineno(45): Symbol i is not defined.
ERROR lineno(46): Symbol b is not defined.
ERROR lineno(46): Symbol i is not defined.
ERROR lineno(46): Symbol i is not defined.
ERROR lineno(46): Symbol b is not defined.
ERROR lineno(47): Symbol b is not defined.
ERROR lineno(47): Symbol b is not defined.
ERROR lineno(47): Symbol b is not defined.
ERROR lineno(47): Symbol b is not defined.
ERROR lineno(49): Symbol i is not defined.
ERROR lineno(49): Symbol i is not defined.
ERROR lineno(49): Symbol i is not defined.
ERROR lineno(50): Symbol b is not defined.
ERROR lineno(50): Symbol i is not defined.
ERROR lineno(50): Symbol i is not defined.
Number of errors: 92
Number of warnings: 0
