ERROR(19): Syntax error, unexpected ID, expecting ';' but got 'output'
Number of warnings: 0
Number of errors: 1
